// Jest Snapshot v1, https://goo.gl/fbAQLP

exports[`Details should render 16 days data 1`] = `"<div class=\\"wrapper\\"><h3>Search by temperature:</h3><form><label class=\\"field\\"><input type=\\"number\\" name=\\"temperature\\" placeholder=\\"\\"/></label><label><input type=\\"radio\\" name=\\"filter\\" value=\\"min\\"/>min</label><label><input type=\\"radio\\" name=\\"filter\\" value=\\"max\\"/>max</label><button class=\\"button\\" type=\\"submit\\">Filter results</button></form><button class=\\"button\\">Refresh page</button><h3 class=\\"city-name\\"><strong></strong></h3><div class=\\"long-list\\"><dl class=\\"day\\"><dt>datetime</dt><img alt=\\"weather icon\\" class=\\"image\\" src=\\"https://www.weatherbit.io/static/img/icons/icon.png\\"/><dd>30°C 4°C</dd></dl><dl class=\\"day\\"><dt>datetime</dt><img alt=\\"weather icon\\" class=\\"image\\" src=\\"https://www.weatherbit.io/static/img/icons/icon.png\\"/><dd>20°C 3°C</dd></dl><dl class=\\"day\\"><dt>datetime</dt><img alt=\\"weather icon\\" class=\\"image\\" src=\\"https://www.weatherbit.io/static/img/icons/icon.png\\"/><dd>10°C 20°C</dd></dl><dl class=\\"day\\"><dt>datetime</dt><img alt=\\"weather icon\\" class=\\"image\\" src=\\"https://www.weatherbit.io/static/img/icons/icon.png\\"/><dd>50°C 2°C</dd></dl><dl class=\\"day\\"><dt>datetime</dt><img alt=\\"weather icon\\" class=\\"image\\" src=\\"https://www.weatherbit.io/static/img/icons/icon.png\\"/><dd>45°C 90°C</dd></dl><dl class=\\"day\\"><dt>datetime</dt><img alt=\\"weather icon\\" class=\\"image\\" src=\\"https://www.weatherbit.io/static/img/icons/icon.png\\"/><dd>5°C 0°C</dd></dl><dl class=\\"day\\"><dt>datetime</dt><img alt=\\"weather icon\\" class=\\"image\\" src=\\"https://www.weatherbit.io/static/img/icons/icon.png\\"/><dd>82°C 79°C</dd></dl></div></div>"`;

exports[`Details should render current data 1`] = `"<div class=\\"wrapper\\"><div><h3 class=\\"city-name\\"><strong></strong></h3><p>0 degrees celsius</p><img alt=\\"weather icon\\" src=\\"https://www.weatherbit.io/static/img/icons/icon.png\\"/></div></div>"`;

exports[`Details should render with error 1`] = `"<div class=\\"wrapper\\"><p class=\\"warning\\">Please select a city.</p></div>"`;
